2026-08-06 13:21:13.089 [main] TRACE Application - {
    # application.conf @ jar:file:/Users/andrewquince/aqa-page-object/artifacts/app-ibank-build-for-testers.jar!/application.conf: 6
    "application" : {
        # application.conf @ jar:file:/Users/andrewquince/aqa-page-object/artifacts/app-ibank-build-for-testers.jar!/application.conf: 7
        "modules" : [
            # application.conf @ jar:file:/Users/andrewquince/aqa-page-object/artifacts/app-ibank-build-for-testers.jar!/application.conf: 7
            "ru.netology.aqa.ApplicationKt.module"
        ]
    },
    # application.conf @ jar:file:/Users/andrewquince/aqa-page-object/artifacts/app-ibank-build-for-testers.jar!/application.conf: 2
    "deployment" : {
        # application.conf @ jar:file:/Users/andrewquince/aqa-page-object/artifacts/app-ibank-build-for-testers.jar!/application.conf: 3
        "port" : 9999
    },
    # Content hidden
    "security" : "***"
}

2026-08-06 13:21:13.380 [DefaultDispatcher-worker-1] INFO  Application - No ktor.deployment.watch patterns specified, automatic reload is not active
2026-08-06 13:21:15.705 [DefaultDispatcher-worker-1] INFO  Application - Responding at http://0.0.0.0:9999
2026-08-06 13:33:22.345 [DefaultDispatcher-worker-9] ERROR Application - 500 Internal Server Error: POST - /api/transfer
java.util.NoSuchElementException: Collection contains no element matching the predicate.
	at ru.netology.aqa.service.UserService.transferBetweenCards(UserService.kt:153)
	at ru.netology.aqa.route.Main$setup$$inlined$with$lambda$1$2$2.invokeSuspend(Main.kt:57)
	at ru.netology.aqa.route.Main$setup$$inlined$with$lambda$1$2$2.invoke(Main.kt)
	at io.ktor.util.pipeline.SuspendFunctionGun.loop(PipelineContext.kt:268)
	at io.ktor.util.pipeline.SuspendFunctionGun.access$loop(PipelineContext.kt:67)
	at io.ktor.util.pipeline.SuspendFunctionGun.proceed(PipelineContext.kt:141)
	at io.ktor.util.pipeline.SuspendFunctionGun.execute(PipelineContext.kt:161)
	at io.ktor.util.pipeline.Pipeline.execute(Pipeline.kt:27)
	at io.ktor.routing.Routing.executeResult(Routing.kt:147)
	at io.ktor.routing.Routing.interceptor(Routing.kt:34)
	at io.ktor.routing.Routing$Feature$install$1.invokeSuspend(Routing.kt:99)
	at io.ktor.routing.Routing$Feature$install$1.invoke(Routing.kt)
	at io.ktor.util.pipeline.SuspendFunctionGun.loop(PipelineContext.kt:268)
	at io.ktor.util.pipeline.SuspendFunctionGun.access$loop(PipelineContext.kt:67)
	at io.ktor.util.pipeline.SuspendFunctionGun.proceed(PipelineContext.kt:141)
	at io.ktor.features.ContentNegotiation$Feature$install$1.invokeSuspend(ContentNegotiation.kt:106)
	at io.ktor.features.ContentNegotiation$Feature$install$1.invoke(ContentNegotiation.kt)
	at io.ktor.util.pipeline.SuspendFunctionGun.loop(PipelineContext.kt:268)
	at io.ktor.util.pipeline.SuspendFunctionGun.access$loop(PipelineContext.kt:67)
	at io.ktor.util.pipeline.SuspendFunctionGun.proceed(PipelineContext.kt:141)
	at io.ktor.features.StatusPages$interceptCall$2.invokeSuspend(StatusPages.kt:98)
	at io.ktor.features.StatusPages$interceptCall$2.invoke(StatusPages.kt)
	at kotlinx.coroutines.intrinsics.UndispatchedKt.startUndispatchedOrReturn(Undispatched.kt:91)
	at kotlinx.coroutines.CoroutineScopeKt.coroutineScope(CoroutineScope.kt:180)
	at io.ktor.features.StatusPages.interceptCall(StatusPages.kt:97)
	at io.ktor.features.StatusPages$Feature$install$2.invokeSuspend(StatusPages.kt:137)
	at io.ktor.features.StatusPages$Feature$install$2.invoke(StatusPages.kt)
	at io.ktor.util.pipeline.SuspendFunctionGun.loop(PipelineContext.kt:268)
	at io.ktor.util.pipeline.SuspendFunctionGun.access$loop(PipelineContext.kt:67)
	at io.ktor.util.pipeline.SuspendFunctionGun.proceed(PipelineContext.kt:141)
	at io.ktor.util.pipeline.SuspendFunctionGun.execute(PipelineContext.kt:161)
	at io.ktor.util.pipeline.Pipeline.execute(Pipeline.kt:27)
	at io.ktor.server.engine.DefaultEnginePipelineKt$defaultEnginePipeline$2.invokeSuspend(DefaultEnginePipeline.kt:118)
	at io.ktor.server.engine.DefaultEnginePipelineKt$defaultEnginePipeline$2.invoke(DefaultEnginePipeline.kt)
	at io.ktor.util.pipeline.SuspendFunctionGun.loop(PipelineContext.kt:268)
	at io.ktor.util.pipeline.SuspendFunctionGun.access$loop(PipelineContext.kt:67)
	at io.ktor.util.pipeline.SuspendFunctionGun.proceed(PipelineContext.kt:141)
	at io.ktor.util.pipeline.SuspendFunctionGun.execute(PipelineContext.kt:161)
	at io.ktor.util.pipeline.Pipeline.execute(Pipeline.kt:27)
	at io.ktor.server.cio.CIOApplicationEngine$startConnector$1$1.invokeSuspend(CIOApplicationEngine.kt:161)
	at kotlin.coroutines.jvm.internal.BaseContinuationImpl.resumeWith(ContinuationImpl.kt:33)
	at kotlinx.coroutines.DispatchedTask.run(Dispatched.kt:241)
	at kotlinx.coroutines.scheduling.CoroutineScheduler.runSafely(CoroutineScheduler.kt:594)
	at kotlinx.coroutines.scheduling.CoroutineScheduler.access$runSafely(CoroutineScheduler.kt:60)
	at kotlinx.coroutines.scheduling.CoroutineScheduler$Worker.run(CoroutineScheduler.kt:740)
2026-08-06 13:39:48.071 [DefaultDispatcher-worker-8] ERROR Application - 500 Internal Server Error: POST - /api/transfer
java.util.NoSuchElementException: Collection contains no element matching the predicate.
	at ru.netology.aqa.service.UserService.transferBetweenCards(UserService.kt:153)
	at ru.netology.aqa.route.Main$setup$$inlined$with$lambda$1$2$2.invokeSuspend(Main.kt:57)
	at ru.netology.aqa.route.Main$setup$$inlined$with$lambda$1$2$2.invoke(Main.kt)
	at io.ktor.util.pipeline.SuspendFunctionGun.loop(PipelineContext.kt:268)
	at io.ktor.util.pipeline.SuspendFunctionGun.access$loop(PipelineContext.kt:67)
	at io.ktor.util.pipeline.SuspendFunctionGun.proceed(PipelineContext.kt:141)
	at io.ktor.util.pipeline.SuspendFunctionGun.execute(PipelineContext.kt:161)
	at io.ktor.util.pipeline.Pipeline.execute(Pipeline.kt:27)
	at io.ktor.routing.Routing.executeResult(Routing.kt:147)
	at io.ktor.routing.Routing.interceptor(Routing.kt:34)
	at io.ktor.routing.Routing$Feature$install$1.invokeSuspend(Routing.kt:99)
	at io.ktor.routing.Routing$Feature$install$1.invoke(Routing.kt)
	at io.ktor.util.pipeline.SuspendFunctionGun.loop(PipelineContext.kt:268)
	at io.ktor.util.pipeline.SuspendFunctionGun.access$loop(PipelineContext.kt:67)
	at io.ktor.util.pipeline.SuspendFunctionGun.proceed(PipelineContext.kt:141)
	at io.ktor.features.ContentNegotiation$Feature$install$1.invokeSuspend(ContentNegotiation.kt:106)
	at io.ktor.features.ContentNegotiation$Feature$install$1.invoke(ContentNegotiation.kt)
	at io.ktor.util.pipeline.SuspendFunctionGun.loop(PipelineContext.kt:268)
	at io.ktor.util.pipeline.SuspendFunctionGun.access$loop(PipelineContext.kt:67)
	at io.ktor.util.pipeline.SuspendFunctionGun.proceed(PipelineContext.kt:141)
	at io.ktor.features.StatusPages$interceptCall$2.invokeSuspend(StatusPages.kt:98)
	at io.ktor.features.StatusPages$interceptCall$2.invoke(StatusPages.kt)
	at kotlinx.coroutines.intrinsics.UndispatchedKt.startUndispatchedOrReturn(Undispatched.kt:91)
	at kotlinx.coroutines.CoroutineScopeKt.coroutineScope(CoroutineScope.kt:180)
	at io.ktor.features.StatusPages.interceptCall(StatusPages.kt:97)
	at io.ktor.features.StatusPages$Feature$install$2.invokeSuspend(StatusPages.kt:137)
	at io.ktor.features.StatusPages$Feature$install$2.invoke(StatusPages.kt)
	at io.ktor.util.pipeline.SuspendFunctionGun.loop(PipelineContext.kt:268)
	at io.ktor.util.pipeline.SuspendFunctionGun.access$loop(PipelineContext.kt:67)
	at io.ktor.util.pipeline.SuspendFunctionGun.proceed(PipelineContext.kt:141)
	at io.ktor.util.pipeline.SuspendFunctionGun.execute(PipelineContext.kt:161)
	at io.ktor.util.pipeline.Pipeline.execute(Pipeline.kt:27)
	at io.ktor.server.engine.DefaultEnginePipelineKt$defaultEnginePipeline$2.invokeSuspend(DefaultEnginePipeline.kt:118)
	at io.ktor.server.engine.DefaultEnginePipelineKt$defaultEnginePipeline$2.invoke(DefaultEnginePipeline.kt)
	at io.ktor.util.pipeline.SuspendFunctionGun.loop(PipelineContext.kt:268)
	at io.ktor.util.pipeline.SuspendFunctionGun.access$loop(PipelineContext.kt:67)
	at io.ktor.util.pipeline.SuspendFunctionGun.proceed(PipelineContext.kt:141)
	at io.ktor.util.pipeline.SuspendFunctionGun.execute(PipelineContext.kt:161)
	at io.ktor.util.pipeline.Pipeline.execute(Pipeline.kt:27)
	at io.ktor.server.cio.CIOApplicationEngine$startConnector$1$1.invokeSuspend(CIOApplicationEngine.kt:161)
	at kotlin.coroutines.jvm.internal.BaseContinuationImpl.resumeWith(ContinuationImpl.kt:33)
	at kotlinx.coroutines.DispatchedTask.run(Dispatched.kt:241)
	at kotlinx.coroutines.scheduling.CoroutineScheduler.runSafely(CoroutineScheduler.kt:594)
	at kotlinx.coroutines.scheduling.CoroutineScheduler.access$runSafely(CoroutineScheduler.kt:60)
	at kotlinx.coroutines.scheduling.CoroutineScheduler$Worker.run(CoroutineScheduler.kt:740)
2026-08-06 13:41:22.051 [DefaultDispatcher-worker-8] ERROR Application - 500 Internal Server Error: POST - /api/transfer
java.util.NoSuchElementException: Collection contains no element matching the predicate.
	at ru.netology.aqa.service.UserService.transferBetweenCards(UserService.kt:153)
	at ru.netology.aqa.route.Main$setup$$inlined$with$lambda$1$2$2.invokeSuspend(Main.kt:57)
	at ru.netology.aqa.route.Main$setup$$inlined$with$lambda$1$2$2.invoke(Main.kt)
	at io.ktor.util.pipeline.SuspendFunctionGun.loop(PipelineContext.kt:268)
	at io.ktor.util.pipeline.SuspendFunctionGun.access$loop(PipelineContext.kt:67)
	at io.ktor.util.pipeline.SuspendFunctionGun.proceed(PipelineContext.kt:141)
	at io.ktor.util.pipeline.SuspendFunctionGun.execute(PipelineContext.kt:161)
	at io.ktor.util.pipeline.Pipeline.execute(Pipeline.kt:27)
	at io.ktor.routing.Routing.executeResult(Routing.kt:147)
	at io.ktor.routing.Routing.interceptor(Routing.kt:34)
	at io.ktor.routing.Routing$Feature$install$1.invokeSuspend(Routing.kt:99)
	at io.ktor.routing.Routing$Feature$install$1.invoke(Routing.kt)
	at io.ktor.util.pipeline.SuspendFunctionGun.loop(PipelineContext.kt:268)
	at io.ktor.util.pipeline.SuspendFunctionGun.access$loop(PipelineContext.kt:67)
	at io.ktor.util.pipeline.SuspendFunctionGun.proceed(PipelineContext.kt:141)
	at io.ktor.features.ContentNegotiation$Feature$install$1.invokeSuspend(ContentNegotiation.kt:106)
	at io.ktor.features.ContentNegotiation$Feature$install$1.invoke(ContentNegotiation.kt)
	at io.ktor.util.pipeline.SuspendFunctionGun.loop(PipelineContext.kt:268)
	at io.ktor.util.pipeline.SuspendFunctionGun.access$loop(PipelineContext.kt:67)
	at io.ktor.util.pipeline.SuspendFunctionGun.proceed(PipelineContext.kt:141)
	at io.ktor.features.StatusPages$interceptCall$2.invokeSuspend(StatusPages.kt:98)
	at io.ktor.features.StatusPages$interceptCall$2.invoke(StatusPages.kt)
	at kotlinx.coroutines.intrinsics.UndispatchedKt.startUndispatchedOrReturn(Undispatched.kt:91)
	at kotlinx.coroutines.CoroutineScopeKt.coroutineScope(CoroutineScope.kt:180)
	at io.ktor.features.StatusPages.interceptCall(StatusPages.kt:97)
	at io.ktor.features.StatusPages$Feature$install$2.invokeSuspend(StatusPages.kt:137)
	at io.ktor.features.StatusPages$Feature$install$2.invoke(StatusPages.kt)
	at io.ktor.util.pipeline.SuspendFunctionGun.loop(PipelineContext.kt:268)
	at io.ktor.util.pipeline.SuspendFunctionGun.access$loop(PipelineContext.kt:67)
	at io.ktor.util.pipeline.SuspendFunctionGun.proceed(PipelineContext.kt:141)
	at io.ktor.util.pipeline.SuspendFunctionGun.execute(PipelineContext.kt:161)
	at io.ktor.util.pipeline.Pipeline.execute(Pipeline.kt:27)
	at io.ktor.server.engine.DefaultEnginePipelineKt$defaultEnginePipeline$2.invokeSuspend(DefaultEnginePipeline.kt:118)
	at io.ktor.server.engine.DefaultEnginePipelineKt$defaultEnginePipeline$2.invoke(DefaultEnginePipeline.kt)
	at io.ktor.util.pipeline.SuspendFunctionGun.loop(PipelineContext.kt:268)
	at io.ktor.util.pipeline.SuspendFunctionGun.access$loop(PipelineContext.kt:67)
	at io.ktor.util.pipeline.SuspendFunctionGun.proceed(PipelineContext.kt:141)
	at io.ktor.util.pipeline.SuspendFunctionGun.execute(PipelineContext.kt:161)
	at io.ktor.util.pipeline.Pipeline.execute(Pipeline.kt:27)
	at io.ktor.server.cio.CIOApplicationEngine$startConnector$1$1.invokeSuspend(CIOApplicationEngine.kt:161)
	at kotlin.coroutines.jvm.internal.BaseContinuationImpl.resumeWith(ContinuationImpl.kt:33)
	at kotlinx.coroutines.DispatchedTask.run(Dispatched.kt:241)
	at kotlinx.coroutines.scheduling.CoroutineScheduler.runSafely(CoroutineScheduler.kt:594)
	at kotlinx.coroutines.scheduling.CoroutineScheduler.access$runSafely(CoroutineScheduler.kt:60)
	at kotlinx.coroutines.scheduling.CoroutineScheduler$Worker.run(CoroutineScheduler.kt:740)
2026-08-06 13:44:37.073 [DefaultDispatcher-worker-1] ERROR Application - 500 Internal Server Error: POST - /api/transfer
java.util.NoSuchElementException: Collection contains no element matching the predicate.
	at ru.netology.aqa.service.UserService.transferBetweenCards(UserService.kt:153)
	at ru.netology.aqa.route.Main$setup$$inlined$with$lambda$1$2$2.invokeSuspend(Main.kt:57)
	at ru.netology.aqa.route.Main$setup$$inlined$with$lambda$1$2$2.invoke(Main.kt)
	at io.ktor.util.pipeline.SuspendFunctionGun.loop(PipelineContext.kt:268)
	at io.ktor.util.pipeline.SuspendFunctionGun.access$loop(PipelineContext.kt:67)
	at io.ktor.util.pipeline.SuspendFunctionGun.proceed(PipelineContext.kt:141)
	at io.ktor.util.pipeline.SuspendFunctionGun.execute(PipelineContext.kt:161)
	at io.ktor.util.pipeline.Pipeline.execute(Pipeline.kt:27)
	at io.ktor.routing.Routing.executeResult(Routing.kt:147)
	at io.ktor.routing.Routing.interceptor(Routing.kt:34)
	at io.ktor.routing.Routing$Feature$install$1.invokeSuspend(Routing.kt:99)
	at io.ktor.routing.Routing$Feature$install$1.invoke(Routing.kt)
	at io.ktor.util.pipeline.SuspendFunctionGun.loop(PipelineContext.kt:268)
	at io.ktor.util.pipeline.SuspendFunctionGun.access$loop(PipelineContext.kt:67)
	at io.ktor.util.pipeline.SuspendFunctionGun.proceed(PipelineContext.kt:141)
	at io.ktor.features.ContentNegotiation$Feature$install$1.invokeSuspend(ContentNegotiation.kt:106)
	at io.ktor.features.ContentNegotiation$Feature$install$1.invoke(ContentNegotiation.kt)
	at io.ktor.util.pipeline.SuspendFunctionGun.loop(PipelineContext.kt:268)
	at io.ktor.util.pipeline.SuspendFunctionGun.access$loop(PipelineContext.kt:67)
	at io.ktor.util.pipeline.SuspendFunctionGun.proceed(PipelineContext.kt:141)
	at io.ktor.features.StatusPages$interceptCall$2.invokeSuspend(StatusPages.kt:98)
	at io.ktor.features.StatusPages$interceptCall$2.invoke(StatusPages.kt)
	at kotlinx.coroutines.intrinsics.UndispatchedKt.startUndispatchedOrReturn(Undispatched.kt:91)
	at kotlinx.coroutines.CoroutineScopeKt.coroutineScope(CoroutineScope.kt:180)
	at io.ktor.features.StatusPages.interceptCall(StatusPages.kt:97)
	at io.ktor.features.StatusPages$Feature$install$2.invokeSuspend(StatusPages.kt:137)
	at io.ktor.features.StatusPages$Feature$install$2.invoke(StatusPages.kt)
	at io.ktor.util.pipeline.SuspendFunctionGun.loop(PipelineContext.kt:268)
	at io.ktor.util.pipeline.SuspendFunctionGun.access$loop(PipelineContext.kt:67)
	at io.ktor.util.pipeline.SuspendFunctionGun.proceed(PipelineContext.kt:141)
	at io.ktor.util.pipeline.SuspendFunctionGun.execute(PipelineContext.kt:161)
	at io.ktor.util.pipeline.Pipeline.execute(Pipeline.kt:27)
	at io.ktor.server.engine.DefaultEnginePipelineKt$defaultEnginePipeline$2.invokeSuspend(DefaultEnginePipeline.kt:118)
	at io.ktor.server.engine.DefaultEnginePipelineKt$defaultEnginePipeline$2.invoke(DefaultEnginePipeline.kt)
	at io.ktor.util.pipeline.SuspendFunctionGun.loop(PipelineContext.kt:268)
	at io.ktor.util.pipeline.SuspendFunctionGun.access$loop(PipelineContext.kt:67)
	at io.ktor.util.pipeline.SuspendFunctionGun.proceed(PipelineContext.kt:141)
	at io.ktor.util.pipeline.SuspendFunctionGun.execute(PipelineContext.kt:161)
	at io.ktor.util.pipeline.Pipeline.execute(Pipeline.kt:27)
	at io.ktor.server.cio.CIOApplicationEngine$startConnector$1$1.invokeSuspend(CIOApplicationEngine.kt:161)
	at kotlin.coroutines.jvm.internal.BaseContinuationImpl.resumeWith(ContinuationImpl.kt:33)
	at kotlinx.coroutines.DispatchedTask.run(Dispatched.kt:241)
	at kotlinx.coroutines.scheduling.CoroutineScheduler.runSafely(CoroutineScheduler.kt:594)
	at kotlinx.coroutines.scheduling.CoroutineScheduler.access$runSafely(CoroutineScheduler.kt:60)
	at kotlinx.coroutines.scheduling.CoroutineScheduler$Worker.run(CoroutineScheduler.kt:740)
2026-08-06 13:48:16.510 [DefaultDispatcher-worker-8] ERROR Application - 500 Internal Server Error: POST - /api/transfer
java.util.NoSuchElementException: Collection contains no element matching the predicate.
	at ru.netology.aqa.service.UserService.transferBetweenCards(UserService.kt:153)
	at ru.netology.aqa.route.Main$setup$$inlined$with$lambda$1$2$2.invokeSuspend(Main.kt:57)
	at ru.netology.aqa.route.Main$setup$$inlined$with$lambda$1$2$2.invoke(Main.kt)
	at io.ktor.util.pipeline.SuspendFunctionGun.loop(PipelineContext.kt:268)
	at io.ktor.util.pipeline.SuspendFunctionGun.access$loop(PipelineContext.kt:67)
	at io.ktor.util.pipeline.SuspendFunctionGun.proceed(PipelineContext.kt:141)
	at io.ktor.util.pipeline.SuspendFunctionGun.execute(PipelineContext.kt:161)
	at io.ktor.util.pipeline.Pipeline.execute(Pipeline.kt:27)
	at io.ktor.routing.Routing.executeResult(Routing.kt:147)
	at io.ktor.routing.Routing.interceptor(Routing.kt:34)
	at io.ktor.routing.Routing$Feature$install$1.invokeSuspend(Routing.kt:99)
	at io.ktor.routing.Routing$Feature$install$1.invoke(Routing.kt)
	at io.ktor.util.pipeline.SuspendFunctionGun.loop(PipelineContext.kt:268)
	at io.ktor.util.pipeline.SuspendFunctionGun.access$loop(PipelineContext.kt:67)
	at io.ktor.util.pipeline.SuspendFunctionGun.proceed(PipelineContext.kt:141)
	at io.ktor.features.ContentNegotiation$Feature$install$1.invokeSuspend(ContentNegotiation.kt:106)
	at io.ktor.features.ContentNegotiation$Feature$install$1.invoke(ContentNegotiation.kt)
	at io.ktor.util.pipeline.SuspendFunctionGun.loop(PipelineContext.kt:268)
	at io.ktor.util.pipeline.SuspendFunctionGun.access$loop(PipelineContext.kt:67)
	at io.ktor.util.pipeline.SuspendFunctionGun.proceed(PipelineContext.kt:141)
	at io.ktor.features.StatusPages$interceptCall$2.invokeSuspend(StatusPages.kt:98)
	at io.ktor.features.StatusPages$interceptCall$2.invoke(StatusPages.kt)
	at kotlinx.coroutines.intrinsics.UndispatchedKt.startUndispatchedOrReturn(Undispatched.kt:91)
	at kotlinx.coroutines.CoroutineScopeKt.coroutineScope(CoroutineScope.kt:180)
	at io.ktor.features.StatusPages.interceptCall(StatusPages.kt:97)
	at io.ktor.features.StatusPages$Feature$install$2.invokeSuspend(StatusPages.kt:137)
	at io.ktor.features.StatusPages$Feature$install$2.invoke(StatusPages.kt)
	at io.ktor.util.pipeline.SuspendFunctionGun.loop(PipelineContext.kt:268)
	at io.ktor.util.pipeline.SuspendFunctionGun.access$loop(PipelineContext.kt:67)
	at io.ktor.util.pipeline.SuspendFunctionGun.proceed(PipelineContext.kt:141)
	at io.ktor.util.pipeline.SuspendFunctionGun.execute(PipelineContext.kt:161)
	at io.ktor.util.pipeline.Pipeline.execute(Pipeline.kt:27)
	at io.ktor.server.engine.DefaultEnginePipelineKt$defaultEnginePipeline$2.invokeSuspend(DefaultEnginePipeline.kt:118)
	at io.ktor.server.engine.DefaultEnginePipelineKt$defaultEnginePipeline$2.invoke(DefaultEnginePipeline.kt)
	at io.ktor.util.pipeline.SuspendFunctionGun.loop(PipelineContext.kt:268)
	at io.ktor.util.pipeline.SuspendFunctionGun.access$loop(PipelineContext.kt:67)
	at io.ktor.util.pipeline.SuspendFunctionGun.proceed(PipelineContext.kt:141)
	at io.ktor.util.pipeline.SuspendFunctionGun.execute(PipelineContext.kt:161)
	at io.ktor.util.pipeline.Pipeline.execute(Pipeline.kt:27)
	at io.ktor.server.cio.CIOApplicationEngine$startConnector$1$1.invokeSuspend(CIOApplicationEngine.kt:161)
	at kotlin.coroutines.jvm.internal.BaseContinuationImpl.resumeWith(ContinuationImpl.kt:33)
	at kotlinx.coroutines.DispatchedTask.run(Dispatched.kt:241)
	at kotlinx.coroutines.scheduling.CoroutineScheduler.runSafely(CoroutineScheduler.kt:594)
	at kotlinx.coroutines.scheduling.CoroutineScheduler.access$runSafely(CoroutineScheduler.kt:60)
	at kotlinx.coroutines.scheduling.CoroutineScheduler$Worker.run(CoroutineScheduler.kt:740)
